Archive member included to satisfy reference by file (symbol)

c:/stm32/systemworkbench/plugins/fr.ac6.mcu.externaltools.arm-none.win32_1.17.0.201812190825/tools/compiler/bin/../lib/gcc/arm-none-eabi/7.3.1/thumb/v7e-m/fpv4-sp/hard\libgcc.a(_aeabi_uldivmod.o)
                              Drivers/STM32F4xx_HAL_Driver/Src/stm32f4xx_hal_rcc.o (__aeabi_uldivmod)
c:/stm32/systemworkbench/plugins/fr.ac6.mcu.externaltools.arm-none.win32_1.17.0.201812190825/tools/compiler/bin/../lib/gcc/arm-none-eabi/7.3.1/thumb/v7e-m/fpv4-sp/hard\libgcc.a(_udivmoddi4.o)
                              c:/stm32/systemworkbench/plugins/fr.ac6.mcu.externaltools.arm-none.win32_1.17.0.201812190825/tools/compiler/bin/../lib/gcc/arm-none-eabi/7.3.1/thumb/v7e-m/fpv4-sp/hard\libgcc.a(_aeabi_uldivmod.o) (__udivmoddi4)
c:/stm32/systemworkbench/plugins/fr.ac6.mcu.externaltools.arm-none.win32_1.17.0.201812190825/tools/compiler/bin/../lib/gcc/arm-none-eabi/7.3.1/thumb/v7e-m/fpv4-sp/hard\libgcc.a(_dvmd_tls.o)
                              c:/stm32/systemworkbench/plugins/fr.ac6.mcu.externaltools.arm-none.win32_1.17.0.201812190825/tools/compiler/bin/../lib/gcc/arm-none-eabi/7.3.1/thumb/v7e-m/fpv4-sp/hard\libgcc.a(_aeabi_uldivmod.o) (__aeabi_ldiv0)
c:/stm32/systemworkbench/plugins/fr.ac6.mcu.externaltools.arm-none.win32_1.17.0.201812190825/tools/compiler/bin/../lib/gcc/arm-none-eabi/7.3.1/../../../../arm-none-eabi/lib/thumb/v7e-m/fpv4-sp/hard\libc_nano.a(lib_a-exit.o)
                              c:/stm32/systemworkbench/plugins/fr.ac6.mcu.externaltools.arm-none.win32_1.17.0.201812190825/tools/compiler/bin/../lib/gcc/arm-none-eabi/7.3.1/../../../../arm-none-eabi/lib/thumb/v7e-m/fpv4-sp/hard/crt0.o (exit)
c:/stm32/systemworkbench/plugins/fr.ac6.mcu.externaltools.arm-none.win32_1.17.0.201812190825/tools/compiler/bin/../lib/gcc/arm-none-eabi/7.3.1/../../../../arm-none-eabi/lib/thumb/v7e-m/fpv4-sp/hard\libc_nano.a(lib_a-impure.o)
                              c:/stm32/systemworkbench/plugins/fr.ac6.mcu.externaltools.arm-none.win32_1.17.0.201812190825/tools/compiler/bin/../lib/gcc/arm-none-eabi/7.3.1/../../../../arm-none-eabi/lib/thumb/v7e-m/fpv4-sp/hard\libc_nano.a(lib_a-exit.o) (_global_impure_ptr)
c:/stm32/systemworkbench/plugins/fr.ac6.mcu.externaltools.arm-none.win32_1.17.0.201812190825/tools/compiler/bin/../lib/gcc/arm-none-eabi/7.3.1/../../../../arm-none-eabi/lib/thumb/v7e-m/fpv4-sp/hard\libc_nano.a(lib_a-init.o)
                              c:/stm32/systemworkbench/plugins/fr.ac6.mcu.externaltools.arm-none.win32_1.17.0.201812190825/tools/compiler/bin/../lib/gcc/arm-none-eabi/7.3.1/../../../../arm-none-eabi/lib/thumb/v7e-m/fpv4-sp/hard/crt0.o (__libc_init_array)
c:/stm32/systemworkbench/plugins/fr.ac6.mcu.externaltools.arm-none.win32_1.17.0.201812190825/tools/compiler/bin/../lib/gcc/arm-none-eabi/7.3.1/../../../../arm-none-eabi/lib/thumb/v7e-m/fpv4-sp/hard\libc_nano.a(lib_a-memset.o)
                              c:/stm32/systemworkbench/plugins/fr.ac6.mcu.externaltools.arm-none.win32_1.17.0.201812190825/tools/compiler/bin/../lib/gcc/arm-none-eabi/7.3.1/../../../../arm-none-eabi/lib/thumb/v7e-m/fpv4-sp/hard/crt0.o (memset)
c:/stm32/systemworkbench/plugins/fr.ac6.mcu.externaltools.arm-none.win32_1.17.0.201812190825/tools/compiler/bin/../lib/gcc/arm-none-eabi/7.3.1/../../../../arm-none-eabi/lib/thumb/v7e-m/fpv4-sp/hard\libnosys.a(_exit.o)
                              c:/stm32/systemworkbench/plugins/fr.ac6.mcu.externaltools.arm-none.win32_1.17.0.201812190825/tools/compiler/bin/../lib/gcc/arm-none-eabi/7.3.1/../../../../arm-none-eabi/lib/thumb/v7e-m/fpv4-sp/hard\libc_nano.a(lib_a-exit.o) (_exit)

Allocating common symbols
Common symbol       size              file

huart3              0x40              Src/main.o
uwTick              0x4               Drivers/STM32F4xx_HAL_Driver/Src/stm32f4xx_hal.o
pFlash              0x20              Drivers/STM32F4xx_HAL_Driver/Src/stm32f4xx_hal_flash.o
receiveUART         0x2               Src/main.o

Discarded input sections

 .text          0x00000000        0x0 c:/stm32/systemworkbench/plugins/fr.ac6.mcu.externaltools.arm-none.win32_1.17.0.201812190825/tools/compiler/bin/../lib/gcc/arm-none-eabi/7.3.1/thumb/v7e-m/fpv4-sp/hard/crti.o
 .data          0x00000000        0x0 c:/stm32/systemworkbench/plugins/fr.ac6.mcu.externaltools.arm-none.win32_1.17.0.201812190825/tools/compiler/bin/../lib/gcc/arm-none-eabi/7.3.1/thumb/v7e-m/fpv4-sp/hard/crti.o
 .bss           0x00000000        0x0 c:/stm32/systemworkbench/plugins/fr.ac6.mcu.externaltools.arm-none.win32_1.17.0.201812190825/tools/compiler/bin/../lib/gcc/arm-none-eabi/7.3.1/thumb/v7e-m/fpv4-sp/hard/crti.o
 .data          0x00000000        0x4 c:/stm32/systemworkbench/plugins/fr.ac6.mcu.externaltools.arm-none.win32_1.17.0.201812190825/tools/compiler/bin/../lib/gcc/arm-none-eabi/7.3.1/thumb/v7e-m/fpv4-sp/hard/crtbegin.o
[...]
Memory Configuration

Name             Origin             Length             Attributes
RAM              0x20000000         0x00020000         xrw
CCMRAM           0x10000000         0x00010000         rw
FLASH            0x08000000         0x00100000         xr
*default*        0x00000000         0xffffffff

Linker script and memory map

LOAD c:/stm32/systemworkbench/plugins/fr.ac6.mcu.externaltools.arm-none.win32_1.17.0.201812190825/tools/compiler/bin/../lib/gcc/arm-none-eabi/7.3.1/thumb/v7e-m/fpv4-sp/hard/crti.o
LOAD c:/stm32/systemworkbench/plugins/fr.ac6.mcu.externaltools.arm-none.win32_1.17.0.201812190825/tools/compiler/bin/../lib/gcc/arm-none-eabi/7.3.1/thumb/v7e-m/fpv4-sp/hard/crtbegin.o
LOAD c:/stm32/systemworkbench/plugins/fr.ac6.mcu.externaltools.arm-none.win32_1.17.0.201812190825/tools/compiler/bin/../lib/gcc/arm-none-eabi/7.3.1/../../../../arm-none-eabi/lib/thumb/v7e-m/fpv4-sp/hard/crt0.o
LOAD Drivers/STM32F4xx_HAL_Driver/Src/stm32f4xx_hal.o
LOAD Drivers/STM32F4xx_HAL_Driver/Src/stm32f4xx_hal_cortex.o
LOAD Drivers/STM32F4xx_HAL_Driver/Src/stm32f4xx_hal_dma.o
LOAD Drivers/STM32F4xx_HAL_Driver/Src/stm32f4xx_hal_dma_ex.o
LOAD Drivers/STM32F4xx_HAL_Driver/Src/stm32f4xx_hal_flash.o
LOAD Drivers/STM32F4xx_HAL_Driver/Src/stm32f4xx_hal_flash_ex.o
LOAD Drivers/STM32F4xx_HAL_Driver/Src/stm32f4xx_hal_flash_ramfunc.o
LOAD Drivers/STM32F4xx_HAL_Driver/Src/stm32f4xx_hal_gpio.o
LOAD Drivers/STM32F4xx_HAL_Driver/Src/stm32f4xx_hal_pwr.o
LOAD Drivers/STM32F4xx_HAL_Driver/Src/stm32f4xx_hal_pwr_ex.o
LOAD Drivers/STM32F4xx_HAL_Driver/Src/stm32f4xx_hal_rcc.o
LOAD Drivers/STM32F4xx_HAL_Driver/Src/stm32f4xx_hal_rcc_ex.o
LOAD Drivers/STM32F4xx_HAL_Driver/Src/stm32f4xx_hal_tim.o
LOAD Drivers/STM32F4xx_HAL_Driver/Src/stm32f4xx_hal_tim_ex.o
LOAD Drivers/STM32F4xx_HAL_Driver/Src/stm32f4xx_hal_uart.o
LOAD Src/main.o
LOAD Src/stm32f4xx_hal_msp.o
LOAD Src/stm32f4xx_it.o
LOAD Src/system_stm32f4xx.o
LOAD startup/startup_stm32f407xx.o
LOAD c:/stm32/systemworkbench/plugins/fr.ac6.mcu.externaltools.arm-none.win32_1.17.0.201812190825/tools/compiler/bin/../lib/gcc/arm-none-eabi/7.3.1/../../../../arm-none-eabi/lib/thumb/v7e-m/fpv4-sp/hard\libm.a
START GROUP
LOAD c:/stm32/systemworkbench/plugins/fr.ac6.mcu.externaltools.arm-none.win32_1.17.0.201812190825/tools/compiler/bin/../lib/gcc/arm-none-eabi/7.3.1/thumb/v7e-m/fpv4-sp/hard\libgcc.a
LOAD c:/stm32/systemworkbench/plugins/fr.ac6.mcu.externaltools.arm-none.win32_1.17.0.201812190825/tools/compiler/bin/../lib/gcc/arm-none-eabi/7.3.1/../../../../arm-none-eabi/lib/thumb/v7e-m/fpv4-sp/hard\libc_nano.a
END GROUP
START GROUP
LOAD c:/stm32/systemworkbench/plugins/fr.ac6.mcu.externaltools.arm-none.win32_1.17.0.201812190825/tools/compiler/bin/../lib/gcc/arm-none-eabi/7.3.1/thumb/v7e-m/fpv4-sp/hard\libgcc.a
LOAD c:/stm32/systemworkbench/plugins/fr.ac6.mcu.externaltools.arm-none.win32_1.17.0.201812190825/tools/compiler/bin/../lib/gcc/arm-none-eabi/7.3.1/../../../../arm-none-eabi/lib/thumb/v7e-m/fpv4-sp/hard\libc_nano.a
LOAD c:/stm32/systemworkbench/plugins/fr.ac6.mcu.externaltools.arm-none.win32_1.17.0.201812190825/tools/compiler/bin/../lib/gcc/arm-none-eabi/7.3.1/../../../../arm-none-eabi/lib/thumb/v7e-m/fpv4-sp/hard\libnosys.a
END GROUP
START GROUP
LOAD c:/stm32/systemworkbench/plugins/fr.ac6.mcu.externaltools.arm-none.win32_1.17.0.201812190825/tools/compiler/bin/../lib/gcc/arm-none-eabi/7.3.1/thumb/v7e-m/fpv4-sp/hard\libgcc.a
LOAD c:/stm32/systemworkbench/plugins/fr.ac6.mcu.externaltools.arm-none.win32_1.17.0.201812190825/tools/compiler/bin/../lib/gcc/arm-none-eabi/7.3.1/../../../../arm-none-eabi/lib/thumb/v7e-m/fpv4-sp/hard\libc_nano.a
LOAD c:/stm32/systemworkbench/plugins/fr.ac6.mcu.externaltools.arm-none.win32_1.17.0.201812190825/tools/compiler/bin/../lib/gcc/arm-none-eabi/7.3.1/../../../../arm-none-eabi/lib/thumb/v7e-m/fpv4-sp/hard\libnosys.a
END GROUP
LOAD c:/stm32/systemworkbench/plugins/fr.ac6.mcu.externaltools.arm-none.win32_1.17.0.201812190825/tools/compiler/bin/../lib/gcc/arm-none-eabi/7.3.1/thumb/v7e-m/fpv4-sp/hard/crtend.o
LOAD c:/stm32/systemworkbench/plugins/fr.ac6.mcu.externaltools.arm-none.win32_1.17.0.201812190825/tools/compiler/bin/../lib/gcc/arm-none-eabi/7.3.1/thumb/v7e-m/fpv4-sp/hard/crtn.o
                0x20020000                _estack = 0x20020000
                0x00000200                _Min_Heap_Size = 0x200
                0x00000400                _Min_Stack_Size = 0x400

.isr_vector     0x08000000      0x188
                0x08000000                . = ALIGN (0x4)
 *(.isr_vector)
 .isr_vector    0x08000000      0x188 startup/startup_stm32f407xx.o
                0x08000000                g_pfnVectors
                0x08000188                . = ALIGN (0x4)

.text           0x08000188     0x184c
                0x08000188                . = ALIGN (0x4)
 *(.text)
 .text          0x08000188       0x40 c:/stm32/systemworkbench/plugins/fr.ac6.mcu.externaltools.arm-none.win32_1.17.0.201812190825/tools/compiler/bin/../lib/gcc/arm-none-eabi/7.3.1/thumb/v7e-m/fpv4-sp/hard/crtbegin.o
 .text          0x080001c8       0x30 c:/stm32/systemworkbench/plugins/fr.ac6.mcu.externaltools.arm-none.win32_1.17.0.201812190825/tools/compiler/bin/../lib/gcc/arm-none-eabi/7.3.1/thumb/v7e-m/fpv4-sp/hard\libgcc.a(_aeabi_uldivmod.o)
                0x080001c8                __aeabi_uldivmod
 .text          0x080001f8      0x2cc c:/stm32/systemworkbench/plugins/fr.ac6.mcu.externaltools.arm-none.win32_1.17.0.201812190825/tools/compiler/bin/../lib/gcc/arm-none-eabi/7.3.1/thumb/v7e-m/fpv4-sp/hard\libgcc.a(_udivmoddi4.o)
                0x080001f8                __udivmoddi4
 .text          0x080004c4        0x4 c:/stm32/systemworkbench/plugins/fr.ac6.mcu.externaltools.arm-none.win32_1.17.0.201812190825/tools/compiler/bin/../lib/gcc/arm-none-eabi/7.3.1/thumb/v7e-m/fpv4-sp/hard\libgcc.a(_dvmd_tls.o)
                0x080004c4                __aeabi_idiv0
                0x080004c4                __aeabi_ldiv0
 *(.text*)
 .text.HAL_InitTick
                0x080004c8       0x48 Drivers/STM32F4xx_HAL_Driver/Src/stm32f4xx_hal.o
                0x080004c8                HAL_InitTick
 .text.HAL_Init
                0x08000510       0x34 Drivers/STM32F4xx_HAL_Driver/Src/stm32f4xx_hal.o
                0x08000510                HAL_Init
 .text.HAL_IncTick
                0x08000544       0x18 Drivers/STM32F4xx_HAL_Driver/Src/stm32f4xx_hal.o
                0x08000544                HAL_IncTick
 .text.HAL_GetTick
                0x0800055c        0xc Drivers/STM32F4xx_HAL_Driver/Src/stm32f4xx_hal.o
                0x0800055c                HAL_GetTick
 .text.HAL_NVIC_SetPriorityGrouping
                0x08000568       0x24 Drivers/STM32F4xx_HAL_Driver/Src/stm32f4xx_hal_cortex.o
                0x08000568                HAL_NVIC_SetPriorityGrouping
 .text.HAL_NVIC_SetPriority
                0x0800058c       0x68 Drivers/STM32F4xx_HAL_Driver/Src/stm32f4xx_hal_cortex.o
                0x0800058c                HAL_NVIC_SetPriority
 .text.HAL_NVIC_EnableIRQ
                0x080005f4       0x18 Drivers/STM32F4xx_HAL_Driver/Src/stm32f4xx_hal_cortex.o
                0x080005f4                HAL_NVIC_EnableIRQ
 .text.HAL_SYSTICK_Config
                0x0800060c       0x2c Drivers/STM32F4xx_HAL_Driver/Src/stm32f4xx_hal_cortex.o
                0x0800060c                HAL_SYSTICK_Config
 .text.HAL_SYSTICK_CLKSourceConfig
                0x08000638       0x20 Drivers/STM32F4xx_HAL_Driver/Src/stm32f4xx_hal_cortex.o
                0x08000638                HAL_SYSTICK_CLKSourceConfig
 .text.HAL_SYSTICK_Callback
                0x08000658        0x2 Drivers/STM32F4xx_HAL_Driver/Src/stm32f4xx_hal_cortex.o
                0x08000658                HAL_SYSTICK_Callback
 .text.HAL_SYSTICK_IRQHandler
                0x0800065a        0x8 Drivers/STM32F4xx_HAL_Driver/Src/stm32f4xx_hal_cortex.o
                0x0800065a                HAL_SYSTICK_IRQHandler
 .text.HAL_DMA_Abort_IT
                0x08000662       0x26 Drivers/STM32F4xx_HAL_Driver/Src/stm32f4xx_hal_dma.o
                0x08000662                HAL_DMA_Abort_IT
 .text.HAL_GPIO_Init
                0x08000688      0x1c8 Drivers/STM32F4xx_HAL_Driver/Src/stm32f4xx_hal_gpio.o
                0x08000688                HAL_GPIO_Init
 .text.HAL_GPIO_ReadPin
                0x08000850        0xe Drivers/STM32F4xx_HAL_Driver/Src/stm32f4xx_hal_gpio.o
                0x08000850                HAL_GPIO_ReadPin
 .text.HAL_GPIO_WritePin
                0x0800085e        0xc Drivers/STM32F4xx_HAL_Driver/Src/stm32f4xx_hal_gpio.o
                0x0800085e                HAL_GPIO_WritePin
 .text.HAL_GPIO_TogglePin
                0x0800086a        0x8 Drivers/STM32F4xx_HAL_Driver/Src/stm32f4xx_hal_gpio.o
                0x0800086a                HAL_GPIO_TogglePin
 *fill*         0x08000872        0x2 
 .text.HAL_GPIO_EXTI_IRQHandler
                0x08000874       0x1c Drivers/STM32F4xx_HAL_Driver/Src/stm32f4xx_hal_gpio.o
                0x08000874                HAL_GPIO_EXTI_IRQHandler
 .text.HAL_RCC_OscConfig
                0x08000890      0x398 Drivers/STM32F4xx_HAL_Driver/Src/stm32f4xx_hal_rcc.o
                0x08000890                HAL_RCC_OscConfig
 .text.HAL_RCC_GetSysClockFreq
                0x08000c28       0xd8 Drivers/STM32F4xx_HAL_Driver/Src/stm32f4xx_hal_rcc.o
                0x08000c28                HAL_RCC_GetSysClockFreq
 .text.HAL_RCC_ClockConfig
                0x08000d00      0x158 Drivers/STM32F4xx_HAL_Driver/Src/stm32f4xx_hal_rcc.o
                0x08000d00                HAL_RCC_ClockConfig
 .text.HAL_RCC_GetHCLKFreq
                0x08000e58        0xc Drivers/STM32F4xx_HAL_Driver/Src/stm32f4xx_hal_rcc.o
                0x08000e58                HAL_RCC_GetHCLKFreq
 .text.HAL_RCC_GetPCLK1Freq
                0x08000e64       0x20 Drivers/STM32F4xx_HAL_Driver/Src/stm32f4xx_hal_rcc.o
                0x08000e64                HAL_RCC_GetPCLK1Freq
 .text.HAL_RCC_GetPCLK2Freq
                0x08000e84       0x20 Drivers/STM32F4xx_HAL_Driver/Src/stm32f4xx_hal_rcc.o
                0x08000e84                HAL_RCC_GetPCLK2Freq
 .text.UART_EndRxTransfer
                0x08000ea4       0x1c Drivers/STM32F4xx_HAL_Driver/Src/stm32f4xx_hal_uart.o
 .text.UART_Transmit_IT
                0x08000ec0       0x68 Drivers/STM32F4xx_HAL_Driver/Src/stm32f4xx_hal_uart.o
 .text.UART_SetConfig
                0x08000f28      0x334 Drivers/STM32F4xx_HAL_Driver/Src/stm32f4xx_hal_uart.o
 .text.HAL_UART_Init
                0x0800125c       0x5e Drivers/STM32F4xx_HAL_Driver/Src/stm32f4xx_hal_uart.o
                0x0800125c                HAL_UART_Init
 .text.HAL_UART_Transmit_IT
                0x080012ba       0x48 Drivers/STM32F4xx_HAL_Driver/Src/stm32f4xx_hal_uart.o
                0x080012ba                HAL_UART_Transmit_IT
 .text.HAL_UART_Receive_IT
                0x08001302       0x52 Drivers/STM32F4xx_HAL_Driver/Src/stm32f4xx_hal_uart.o
                0x08001302                HAL_UART_Receive_IT
 .text.HAL_UART_TxCpltCallback
                0x08001354        0x2 Drivers/STM32F4xx_HAL_Driver/Src/stm32f4xx_hal_uart.o
                0x08001354                HAL_UART_TxCpltCallback
 .text.UART_EndTransmit_IT
                0x08001356       0x1a Drivers/STM32F4xx_HAL_Driver/Src/stm32f4xx_hal_uart.o
 .text.HAL_UART_RxCpltCallback
                0x08001370        0x2 Drivers/STM32F4xx_HAL_Driver/Src/stm32f4xx_hal_uart.o
                0x08001370                HAL_UART_RxCpltCallback
 .text.UART_Receive_IT
                0x08001372       0x92 Drivers/STM32F4xx_HAL_Driver/Src/stm32f4xx_hal_uart.o
 .text.HAL_UART_ErrorCallback
                0x08001404        0x2 Drivers/STM32F4xx_HAL_Driver/Src/stm32f4xx_hal_uart.o
                0x08001404                HAL_UART_ErrorCallback
 *fill*         0x08001406        0x2 
 .text.HAL_UART_IRQHandler
                0x08001408      0x120 Drivers/STM32F4xx_HAL_Driver/Src/stm32f4xx_hal_uart.o
                0x08001408                HAL_UART_IRQHandler
 .text.UART_DMAAbortOnError
                0x08001528       0x10 Drivers/STM32F4xx_HAL_Driver/Src/stm32f4xx_hal_uart.o
 .text.MX_GPIO_Init
                0x08001538       0xb0 Src/main.o
 .text.HAL_GPIO_EXTI_Callback
                0x080015e8       0x64 Src/main.o
                0x080015e8                HAL_GPIO_EXTI_Callback
 .text._Error_Handler
                0x0800164c        0x2 Src/main.o
                0x0800164c                _Error_Handler
 *fill*         0x0800164e        0x2 
 .text.MX_USART3_UART_Init
                0x08001650       0x3c Src/main.o
 .text.SystemClock_Config
                0x0800168c       0xc4 Src/main.o
                0x0800168c                SystemClock_Config
 .text.main     0x08001750       0x54 Src/main.o
                0x08001750                main
 .text.HAL_MspInit
                0x080017a4       0x94 Src/stm32f4xx_hal_msp.o
                0x080017a4                HAL_MspInit
 .text.HAL_UART_MspInit
                0x08001838       0x64 Src/stm32f4xx_hal_msp.o
                0x08001838                HAL_UART_MspInit
 .text.NMI_Handler
                0x0800189c        0x2 Src/stm32f4xx_it.o
                0x0800189c                NMI_Handler
 .text.HardFault_Handler
                0x0800189e        0x2 Src/stm32f4xx_it.o
                0x0800189e                HardFault_Handler
 .text.MemManage_Handler
                0x080018a0        0x2 Src/stm32f4xx_it.o
                0x080018a0                MemManage_Handler
 .text.BusFault_Handler
                0x080018a2        0x2 Src/stm32f4xx_it.o
                0x080018a2                BusFault_Handler
 .text.UsageFault_Handler
                0x080018a4        0x2 Src/stm32f4xx_it.o
                0x080018a4                UsageFault_Handler
 .text.SVC_Handler
                0x080018a6        0x2 Src/stm32f4xx_it.o
                0x080018a6                SVC_Handler
 .text.DebugMon_Handler
                0x080018a8        0x2 Src/stm32f4xx_it.o
                0x080018a8                DebugMon_Handler
 .text.PendSV_Handler
                0x080018aa        0x2 Src/stm32f4xx_it.o
                0x080018aa                PendSV_Handler
 .text.SysTick_Handler
                0x080018ac        0xc Src/stm32f4xx_it.o
                0x080018ac                SysTick_Handler
 .text.EXTI0_IRQHandler
                0x080018b8        0xa Src/stm32f4xx_it.o
                0x080018b8                EXTI0_IRQHandler
 *fill*         0x080018c2        0x2 
 .text.USART3_IRQHandler
                0x080018c4       0x10 Src/stm32f4xx_it.o
                0x080018c4                USART3_IRQHandler
 .text.SystemInit
                0x080018d4       0x4c Src/system_stm32f4xx.o
                0x080018d4                SystemInit
 .text.Reset_Handler
                0x08001920       0x50 startup/startup_stm32f407xx.o
                0x08001920                Reset_Handler
 .text.Default_Handler
                0x08001970        0x2 startup/startup_stm32f407xx.o
                0x08001970                RTC_Alarm_IRQHandler
                0x08001970                HASH_RNG_IRQHandler
                0x08001970                EXTI2_IRQHandler
                0x08001970                TIM8_CC_IRQHandler
                0x08001970                TIM1_CC_IRQHandler
                0x08001970                DMA2_Stream5_IRQHandler
                0x08001970                DMA1_Stream5_IRQHandler
                0x08001970                PVD_IRQHandler
                0x08001970                SDIO_IRQHandler
                0x08001970                TAMP_STAMP_IRQHandler
                0x08001970                CAN2_RX1_IRQHandler
                0x08001970                EXTI3_IRQHandler
                0x08001970                TIM8_TRG_COM_TIM14_IRQHandler
                0x08001970                TIM1_UP_TIM10_IRQHandler
                0x08001970                TIM8_UP_TIM13_IRQHandler
                0x08001970                I2C3_ER_IRQHandler
                0x08001970                I2C2_EV_IRQHandler
                0x08001970                DMA1_Stream2_IRQHandler
                0x08001970                CAN1_RX0_IRQHandler
                0x08001970                FPU_IRQHandler
                0x08001970                OTG_HS_WKUP_IRQHandler
                0x08001970                CAN2_SCE_IRQHandler
                0x08001970                DMA2_Stream2_IRQHandler
                0x08001970                SPI1_IRQHandler
                0x08001970                TIM6_DAC_IRQHandler
                0x08001970                TIM1_BRK_TIM9_IRQHandler
                0x08001970                DCMI_IRQHandler
                0x08001970                CAN2_RX0_IRQHandler
                0x08001970                DMA2_Stream3_IRQHandler
                0x08001970                USART6_IRQHandler
                0x08001970                CAN1_RX1_IRQHandler
                0x08001970                UART5_IRQHandler
                0x08001970                DMA2_Stream0_IRQHandler
                0x08001970                TIM4_IRQHandler
                0x08001970                I2C1_EV_IRQHandler
                0x08001970                DMA1_Stream6_IRQHandler
                0x08001970                DMA1_Stream1_IRQHandler
                0x08001970                UART4_IRQHandler
                0x08001970                TIM3_IRQHandler
                0x08001970                RCC_IRQHandler
                0x08001970                TIM8_BRK_TIM12_IRQHandler
                0x08001970                Default_Handler
                0x08001970                EXTI15_10_IRQHandler
                0x08001970                ADC_IRQHandler
                0x08001970                DMA1_Stream7_IRQHandler
                0x08001970                TIM7_IRQHandler
                0x08001970                CAN2_TX_IRQHandler
                0x08001970                TIM5_IRQHandler
                0x08001970                DMA2_Stream7_IRQHandler
                0x08001970                I2C3_EV_IRQHandler
                0x08001970                EXTI9_5_IRQHandler
                0x08001970                RTC_WKUP_IRQHandler
                0x08001970                ETH_WKUP_IRQHandler
                0x08001970                SPI2_IRQHandler
                0x08001970                OTG_HS_EP1_IN_IRQHandler
                0x08001970                DMA1_Stream0_IRQHandler
                0x08001970                CAN1_TX_IRQHandler
                0x08001970                EXTI4_IRQHandler
                0x08001970                FSMC_IRQHandler
                0x08001970                ETH_IRQHandler
                0x08001970                OTG_HS_EP1_OUT_IRQHandler
                0x08001970                WWDG_IRQHandler
                0x08001970                TIM2_IRQHandler
                0x08001970                OTG_FS_WKUP_IRQHandler
                0x08001970                TIM1_TRG_COM_TIM11_IRQHandler
                0x08001970                OTG_HS_IRQHandler
                0x08001970                EXTI1_IRQHandler
                0x08001970                USART2_IRQHandler
                0x08001970                I2C2_ER_IRQHandler
                0x08001970                DMA2_Stream1_IRQHandler
                0x08001970                CAN1_SCE_IRQHandler
                0x08001970                FLASH_IRQHandler
                0x08001970                DMA2_Stream4_IRQHandler
                0x08001970                USART1_IRQHandler
                0x08001970                OTG_FS_IRQHandler
                0x08001970                SPI3_IRQHandler
                0x08001970                DMA1_Stream4_IRQHandler
                0x08001970                I2C1_ER_IRQHandler
                0x08001970                DMA2_Stream6_IRQHandler
                0x08001970                DMA1_Stream3_IRQHandler
 *fill*         0x08001972        0x2 
 .text.__libc_init_array
                0x08001974       0x48 c:/stm32/systemworkbench/plugins/fr.ac6.mcu.externaltools.arm-none.win32_1.17.0.201812190825/tools/compiler/bin/../lib/gcc/arm-none-eabi/7.3.1/../../../../arm-none-eabi/lib/thumb/v7e-m/fpv4-sp/hard\libc_nano.a(lib_a-init.o)
                0x08001974                __libc_init_array
 *(.glue_7)
 .glue_7        0x080019bc        0x0 linker stubs
 *(.glue_7t)
 .glue_7t       0x080019bc        0x0 linker stubs
 *(.eh_frame)
 .eh_frame      0x080019bc        0x0 c:/stm32/systemworkbench/plugins/fr.ac6.mcu.externaltools.arm-none.win32_1.17.0.201812190825/tools/compiler/bin/../lib/gcc/arm-none-eabi/7.3.1/thumb/v7e-m/fpv4-sp/hard/crtbegin.o
 *(.init)
 .init          0x080019bc        0x4 c:/stm32/systemworkbench/plugins/fr.ac6.mcu.externaltools.arm-none.win32_1.17.0.201812190825/tools/compiler/bin/../lib/gcc/arm-none-eabi/7.3.1/thumb/v7e-m/fpv4-sp/hard/crti.o
                0x080019bc                _init
 .init          0x080019c0        0x8 c:/stm32/systemworkbench/plugins/fr.ac6.mcu.externaltools.arm-none.win32_1.17.0.201812190825/tools/compiler/bin/../lib/gcc/arm-none-eabi/7.3.1/thumb/v7e-m/fpv4-sp/hard/crtn.o
 *(.fini)
 .fini          0x080019c8        0x4 c:/stm32/systemworkbench/plugins/fr.ac6.mcu.externaltools.arm-none.win32_1.17.0.201812190825/tools/compiler/bin/../lib/gcc/arm-none-eabi/7.3.1/thumb/v7e-m/fpv4-sp/hard/crti.o
                0x080019c8                _fini
 .fini          0x080019cc        0x8 c:/stm32/systemworkbench/plugins/fr.ac6.mcu.externaltools.arm-none.win32_1.17.0.201812190825/tools/compiler/bin/../lib/gcc/arm-none-eabi/7.3.1/thumb/v7e-m/fpv4-sp/hard/crtn.o
                0x080019d4                . = ALIGN (0x4)
                0x080019d4                _etext = .

.vfp11_veneer   0x080019d4        0x0
 .vfp11_veneer  0x080019d4        0x0 linker stubs

.v4_bx          0x080019d4        0x0
 .v4_bx         0x080019d4        0x0 linker stubs

.iplt           0x080019d4        0x0
 .iplt          0x080019d4        0x0 c:/stm32/systemworkbench/plugins/fr.ac6.mcu.externaltools.arm-none.win32_1.17.0.201812190825/tools/compiler/bin/../lib/gcc/arm-none-eabi/7.3.1/thumb/v7e-m/fpv4-sp/hard/crtbegin.o

.rodata         0x080019d4       0x28
                0x080019d4                . = ALIGN (0x4)
 *(.rodata)
 .rodata        0x080019d4       0x18 Src/system_stm32f4xx.o
                0x080019d4                AHBPrescTable
                0x080019e4                APBPrescTable
 *(.rodata*)
 .rodata.str1.4
                0x080019ec       0x10 Src/main.o
                                  0xe (size before relaxing)
                0x080019fc                . = ALIGN (0x4)

.ARM.extab
 *(.ARM.extab* .gnu.linkonce.armextab.*)

.ARM            0x080019fc        0x8
                0x080019fc                __exidx_start = .
 *(.ARM.exidx*)
 .ARM.exidx     0x080019fc        0x8 c:/stm32/systemworkbench/plugins/fr.ac6.mcu.externaltools.arm-none.win32_1.17.0.201812190825/tools/compiler/bin/../lib/gcc/arm-none-eabi/7.3.1/thumb/v7e-m/fpv4-sp/hard\libgcc.a(_udivmoddi4.o)
                0x08001a04                __exidx_end = .

.rel.dyn        0x08001a04        0x0
 .rel.iplt      0x08001a04        0x0 c:/stm32/systemworkbench/plugins/fr.ac6.mcu.externaltools.arm-none.win32_1.17.0.201812190825/tools/compiler/bin/../lib/gcc/arm-none-eabi/7.3.1/thumb/v7e-m/fpv4-sp/hard/crtbegin.o

.preinit_array  0x08001a04        0x0
                0x08001a04                PROVIDE (__preinit_array_start = .)
 *(.preinit_array*)
                0x08001a04                PROVIDE (__preinit_array_end = .)

.init_array     0x08001a04        0x4
                0x08001a04                PROVIDE (__init_array_start = .)
 *(SORT_BY_NAME(.init_array.*))
 *(.init_array*)
 .init_array    0x08001a04        0x4 c:/stm32/systemworkbench/plugins/fr.ac6.mcu.externaltools.arm-none.win32_1.17.0.201812190825/tools/compiler/bin/../lib/gcc/arm-none-eabi/7.3.1/thumb/v7e-m/fpv4-sp/hard/crtbegin.o
                0x08001a08                PROVIDE (__init_array_end = .)

.fini_array     0x08001a08        0x4
                [!provide]                PROVIDE (__fini_array_start = .)
 *(SORT_BY_NAME(.fini_array.*))
 *(.fini_array*)
 .fini_array    0x08001a08        0x4 c:/stm32/systemworkbench/plugins/fr.ac6.mcu.externaltools.arm-none.win32_1.17.0.201812190825/tools/compiler/bin/../lib/gcc/arm-none-eabi/7.3.1/thumb/v7e-m/fpv4-sp/hard/crtbegin.o
                [!provide]                PROVIDE (__fini_array_end = .)
                0x08001a0c                _sidata = LOADADDR (.data)

.data           0x20000000       0x18 load address 0x08001a0c
                0x20000000                . = ALIGN (0x4)
                0x20000000                _sdata = .
 *(.data)
 .data          0x20000000        0x8 Drivers/STM32F4xx_HAL_Driver/Src/stm32f4xx_hal.o
                0x20000000                uwTickFreq
                0x20000004                uwTickPrio
 .data          0x20000008        0xa Src/main.o
                0x20000008                sizeSendUART
                0x2000000c                sendUART
                0x20000010                sizeReceiveUART
 *fill*         0x20000012        0x2 
 .data          0x20000014        0x4 Src/system_stm32f4xx.o
                0x20000014                SystemCoreClock
 *(.data*)
                0x20000018                . = ALIGN (0x4)
                0x20000018                _edata = .
                0x08001a24                _siccmram = LOADADDR (.ccmram)

.igot.plt       0x20000018        0x0 load address 0x08001a24
 .igot.plt      0x20000018        0x0 c:/stm32/systemworkbench/plugins/fr.ac6.mcu.externaltools.arm-none.win32_1.17.0.201812190825/tools/compiler/bin/../lib/gcc/arm-none-eabi/7.3.1/thumb/v7e-m/fpv4-sp/hard/crtbegin.o

.ccmram         0x10000000        0x0 load address 0x08001a24
                0x10000000                . = ALIGN (0x4)
                0x10000000                _sccmram = .
 *(.ccmram)
 *(.ccmram*)
                0x10000000                . = ALIGN (0x4)
                0x10000000                _eccmram = .
                0x10000000                . = ALIGN (0x4)

.bss            0x20000018       0x64
                0x20000018                _sbss = .
                0x20000018                __bss_start__ = _sbss
 *(.bss)
 .bss           0x20000018       0x1c c:/stm32/systemworkbench/plugins/fr.ac6.mcu.externaltools.arm-none.win32_1.17.0.201812190825/tools/compiler/bin/../lib/gcc/arm-none-eabi/7.3.1/thumb/v7e-m/fpv4-sp/hard/crtbegin.o
 *(.bss*)
 *(COMMON)
 COMMON         0x20000034        0x4 Drivers/STM32F4xx_HAL_Driver/Src/stm32f4xx_hal.o
                0x20000034                uwTick
 COMMON         0x20000038       0x42 Src/main.o
                0x20000038                huart3
                0x20000078                receiveUART
                0x2000007c                . = ALIGN (0x4)
 *fill*         0x2000007a        0x2 
                0x2000007c                _ebss = .
                0x2000007c                __bss_end__ = _ebss

._user_heap_stack
                0x2000007c      0x604
                0x20000080                . = ALIGN (0x8)
 *fill*         0x2000007c        0x4 
                [!provide]                PROVIDE (end = .)
                [!provide]                PROVIDE (_end = .)
                0x20000280                . = (. + _Min_Heap_Size)
 *fill*         0x20000080      0x200 
                0x20000680                . = (. + _Min_Stack_Size)
 *fill*         0x20000280      0x400 
                0x20000680                . = ALIGN (0x8)

/DISCARD/
 libc.a(*)
 libm.a(*)
 libgcc.a(*)

.ARM.attributes
                0x00000000       0x30
 *(.ARM.attributes)
 .ARM.attributes
                0x00000000       0x22 c:/stm32/systemworkbench/plugins/fr.ac6.mcu.externaltools.arm-none.win32_1.17.0.201812190825/tools/compiler/bin/../lib/gcc/arm-none-eabi/7.3.1/thumb/v7e-m/fpv4-sp/hard/crti.o
 .ARM.attributes
                0x00000022       0x34 c:/stm32/systemworkbench/plugins/fr.ac6.mcu.externaltools.arm-none.win32_1.17.0.201812190825/tools/compiler/bin/../lib/gcc/arm-none-eabi/7.3.1/thumb/v7e-m/fpv4-sp/hard/crtbegin.o
 .ARM.attributes
                0x00000056       0x39 Drivers/STM32F4xx_HAL_Driver/Src/stm32f4xx_hal.o
 .ARM.attributes
                0x0000008f       0x39 Drivers/STM32F4xx_HAL_Driver/Src/stm32f4xx_hal_cortex.o
 .ARM.attributes
                0x000000c8       0x39 Drivers/STM32F4xx_HAL_Driver/Src/stm32f4xx_hal_dma.o
 .ARM.attributes
                0x00000101       0x39 Drivers/STM32F4xx_HAL_Driver/Src/stm32f4xx_hal_gpio.o
 .ARM.attributes
                0x0000013a       0x39 Drivers/STM32F4xx_HAL_Driver/Src/stm32f4xx_hal_rcc.o
 .ARM.attributes
                0x00000173       0x39 Drivers/STM32F4xx_HAL_Driver/Src/stm32f4xx_hal_uart.o
 .ARM.attributes
                0x000001ac       0x39 Src/main.o
 .ARM.attributes
                0x000001e5       0x39 Src/stm32f4xx_hal_msp.o
 .ARM.attributes
                0x0000021e       0x39 Src/stm32f4xx_it.o
 .ARM.attributes
                0x00000257       0x39 Src/system_stm32f4xx.o
 .ARM.attributes
                0x00000290       0x21 startup/startup_stm32f407xx.o
 .ARM.attributes
                0x000002b1       0x22 c:/stm32/systemworkbench/plugins/fr.ac6.mcu.externaltools.arm-none.win32_1.17.0.201812190825/tools/compiler/bin/../lib/gcc/arm-none-eabi/7.3.1/thumb/v7e-m/fpv4-sp/hard\libgcc.a(_aeabi_uldivmod.o)
 .ARM.attributes
                0x000002d3       0x34 c:/stm32/systemworkbench/plugins/fr.ac6.mcu.externaltools.arm-none.win32_1.17.0.201812190825/tools/compiler/bin/../lib/gcc/arm-none-eabi/7.3.1/thumb/v7e-m/fpv4-sp/hard\libgcc.a(_udivmoddi4.o)
 .ARM.attributes
                0x00000307       0x22 c:/stm32/systemworkbench/plugins/fr.ac6.mcu.externaltools.arm-none.win32_1.17.0.201812190825/tools/compiler/bin/../lib/gcc/arm-none-eabi/7.3.1/thumb/v7e-m/fpv4-sp/hard\libgcc.a(_dvmd_tls.o)
 .ARM.attributes
                0x00000329       0x34 c:/stm32/systemworkbench/plugins/fr.ac6.mcu.externaltools.arm-none.win32_1.17.0.201812190825/tools/compiler/bin/../lib/gcc/arm-none-eabi/7.3.1/../../../../arm-none-eabi/lib/thumb/v7e-m/fpv4-sp/hard\libc_nano.a(lib_a-init.o)
 .ARM.attributes
                0x0000035d       0x22 c:/stm32/systemworkbench/plugins/fr.ac6.mcu.externaltools.arm-none.win32_1.17.0.201812190825/tools/compiler/bin/../lib/gcc/arm-none-eabi/7.3.1/thumb/v7e-m/fpv4-sp/hard/crtn.o
OUTPUT(clientv2.elf elf32-littlearm)

.debug_info     0x00000000     0xc67f
 .debug_info    0x00000000     0x11d9 Drivers/STM32F4xx_HAL_Driver/Src/stm32f4xx_hal.o
 .debug_info    0x000011d9     0x1755 Drivers/STM32F4xx_HAL_Driver/Src/stm32f4xx_hal_cortex.o
 .debug_info    0x0000292e     0x127b Drivers/STM32F4xx_HAL_Driver/Src/stm32f4xx_hal_dma.o
 .debug_info    0x00003ba9      0xf93 Drivers/STM32F4xx_HAL_Driver/Src/stm32f4xx_hal_gpio.o
 .debug_info    0x00004b3c     0x125b Drivers/STM32F4xx_HAL_Driver/Src/stm32f4xx_hal_rcc.o
 .debug_info    0x00005d97     0x1f1a Drivers/STM32F4xx_HAL_Driver/Src/stm32f4xx_hal_uart.o
 .debug_info    0x00007cb1     0x18eb Src/main.o
 .debug_info    0x0000959c     0x14d1 Src/stm32f4xx_hal_msp.o
 .debug_info    0x0000aa6d      0xec7 Src/stm32f4xx_it.o
 .debug_info    0x0000b934      0xd29 Src/system_stm32f4xx.o
 .debug_info    0x0000c65d       0x22 startup/startup_stm32f407xx.o

.debug_abbrev   0x00000000     0x1ca9
 .debug_abbrev  0x00000000      0x2e5 Drivers/STM32F4xx_HAL_Driver/Src/stm32f4xx_hal.o
 .debug_abbrev  0x000002e5      0x3d6 Drivers/STM32F4xx_HAL_Driver/Src/stm32f4xx_hal_cortex.o
 .debug_abbrev  0x000006bb      0x32a Drivers/STM32F4xx_HAL_Driver/Src/stm32f4xx_hal_dma.o
 .debug_abbrev  0x000009e5      0x2a7 Drivers/STM32F4xx_HAL_Driver/Src/stm32f4xx_hal_gpio.o
 .debug_abbrev  0x00000c8c      0x333 Drivers/STM32F4xx_HAL_Driver/Src/stm32f4xx_hal_rcc.o
 .debug_abbrev  0x00000fbf      0x344 Drivers/STM32F4xx_HAL_Driver/Src/stm32f4xx_hal_uart.o
 .debug_abbrev  0x00001303      0x303 Src/main.o
 .debug_abbrev  0x00001606      0x254 Src/stm32f4xx_hal_msp.o
 .debug_abbrev  0x0000185a      0x238 Src/stm32f4xx_it.o
 .debug_abbrev  0x00001a92      0x205 Src/system_stm32f4xx.o
 .debug_abbrev  0x00001c97       0x12 startup/startup_stm32f407xx.o

.debug_loc      0x00000000     0x31d7
 .debug_loc     0x00000000       0xfd Drivers/STM32F4xx_HAL_Driver/Src/stm32f4xx_hal.o
 .debug_loc     0x000000fd      0x5ce Drivers/STM32F4xx_HAL_Driver/Src/stm32f4xx_hal_cortex.o
 .debug_loc     0x000006cb      0xb4e Drivers/STM32F4xx_HAL_Driver/Src/stm32f4xx_hal_dma.o
 .debug_loc     0x00001219      0x469 Drivers/STM32F4xx_HAL_Driver/Src/stm32f4xx_hal_gpio.o
 .debug_loc     0x00001682      0x3f1 Drivers/STM32F4xx_HAL_Driver/Src/stm32f4xx_hal_rcc.o
 .debug_loc     0x00001a73     0x158b Drivers/STM32F4xx_HAL_Driver/Src/stm32f4xx_hal_uart.o
 .debug_loc     0x00002ffe       0x40 Src/main.o
 .debug_loc     0x0000303e       0x5b Src/stm32f4xx_hal_msp.o
 .debug_loc     0x00003099      0x13e Src/system_stm32f4xx.o

.debug_aranges  0x00000000      0x600
 .debug_aranges
                0x00000000       0xe0 Drivers/STM32F4xx_HAL_Driver/Src/stm32f4xx_hal.o
 .debug_aranges
                0x000000e0       0xa8 Drivers/STM32F4xx_HAL_Driver/Src/stm32f4xx_hal_cortex.o
 .debug_aranges
                0x00000188       0x90 Drivers/STM32F4xx_HAL_Driver/Src/stm32f4xx_hal_dma.o
 .debug_aranges
                0x00000218       0x58 Drivers/STM32F4xx_HAL_Driver/Src/stm32f4xx_hal_gpio.o
 .debug_aranges
                0x00000270       0x88 Drivers/STM32F4xx_HAL_Driver/Src/stm32f4xx_hal_rcc.o
 .debug_aranges
                0x000002f8      0x1d0 Drivers/STM32F4xx_HAL_Driver/Src/stm32f4xx_hal_uart.o
 .debug_aranges
                0x000004c8       0x48 Src/main.o
 .debug_aranges
                0x00000510       0x30 Src/stm32f4xx_hal_msp.o
 .debug_aranges
                0x00000540       0x70 Src/stm32f4xx_it.o
 .debug_aranges
                0x000005b0       0x28 Src/system_stm32f4xx.o
 .debug_aranges
                0x000005d8       0x28 startup/startup_stm32f407xx.o

.debug_ranges   0x00000000      0x5d0
 .debug_ranges  0x00000000       0xd0 Drivers/STM32F4xx_HAL_Driver/Src/stm32f4xx_hal.o
 .debug_ranges  0x000000d0       0xf8 Drivers/STM32F4xx_HAL_Driver/Src/stm32f4xx_hal_cortex.o
 .debug_ranges  0x000001c8       0x80 Drivers/STM32F4xx_HAL_Driver/Src/stm32f4xx_hal_dma.o
 .debug_ranges  0x00000248       0x48 Drivers/STM32F4xx_HAL_Driver/Src/stm32f4xx_hal_gpio.o
 .debug_ranges  0x00000290       0x90 Drivers/STM32F4xx_HAL_Driver/Src/stm32f4xx_hal_rcc.o
 .debug_ranges  0x00000320      0x1c0 Drivers/STM32F4xx_HAL_Driver/Src/stm32f4xx_hal_uart.o
 .debug_ranges  0x000004e0       0x38 Src/main.o
 .debug_ranges  0x00000518       0x20 Src/stm32f4xx_hal_msp.o
 .debug_ranges  0x00000538       0x60 Src/stm32f4xx_it.o
 .debug_ranges  0x00000598       0x18 Src/system_stm32f4xx.o
 .debug_ranges  0x000005b0       0x20 startup/startup_stm32f407xx.o

.debug_macro    0x00000000    0x201fd
 .debug_macro   0x00000000      0x36d Drivers/STM32F4xx_HAL_Driver/Src/stm32f4xx_hal.o
 .debug_macro   0x0000036d      0xa60 Drivers/STM32F4xx_HAL_Driver/Src/stm32f4xx_hal.o
 .debug_macro   0x00000dcd       0x10 Drivers/STM32F4xx_HAL_Driver/Src/stm32f4xx_hal.o
 .debug_macro   0x00000ddd      0x17a Drivers/STM32F4xx_HAL_Driver/Src/stm32f4xx_hal.o
 .debug_macro   0x00000f57       0x32 Drivers/STM32F4xx_HAL_Driver/Src/stm32f4xx_hal.o
 .debug_macro   0x00000f89       0x2f Drivers/STM32F4xx_HAL_Driver/Src/stm32f4xx_hal.o
 .debug_macro   0x00000fb8       0x22 Drivers/STM32F4xx_HAL_Driver/Src/stm32f4xx_hal.o
 .debug_macro   0x00000fda       0x8e Drivers/STM32F4xx_HAL_Driver/Src/stm32f4xx_hal.o
 .debug_macro   0x00001068       0x51 Drivers/STM32F4xx_HAL_Driver/Src/stm32f4xx_hal.o
 .debug_macro   0x000010b9       0xef Drivers/STM32F4xx_HAL_Driver/Src/stm32f4xx_hal.o
 .debug_macro   0x000011a8       0x6a Drivers/STM32F4xx_HAL_Driver/Src/stm32f4xx_hal.o
 .debug_macro   0x00001212      0x1df Drivers/STM32F4xx_HAL_Driver/Src/stm32f4xx_hal.o
 .debug_macro   0x000013f1       0x35 Drivers/STM32F4xx_HAL_Driver/Src/stm32f4xx_hal.o
 .debug_macro   0x00001426       0x50 Drivers/STM32F4xx_HAL_Driver/Src/stm32f4xx_hal.o
 .debug_macro   0x00001476      0xe66 Drivers/STM32F4xx_HAL_Driver/Src/stm32f4xx_hal.o
 .debug_macro   0x000022dc    0x15d08 Drivers/STM32F4xx_HAL_Driver/Src/stm32f4xx_hal.o
 .debug_macro   0x00017fe4       0x43 Drivers/STM32F4xx_HAL_Driver/Src/stm32f4xx_hal.o
 .debug_macro   0x00018027     0x3535 Drivers/STM32F4xx_HAL_Driver/Src/stm32f4xx_hal.o
 .debug_macro   0x0001b55c       0x5e Drivers/STM32F4xx_HAL_Driver/Src/stm32f4xx_hal.o
 .debug_macro   0x0001b5ba       0x18 Drivers/STM32F4xx_HAL_Driver/Src/stm32f4xx_hal.o
 .debug_macro   0x0001b5d2       0x35 Drivers/STM32F4xx_HAL_Driver/Src/stm32f4xx_hal.o
 .debug_macro   0x0001b607       0x34 Drivers/STM32F4xx_HAL_Driver/Src/stm32f4xx_hal.o
 .debug_macro   0x0001b63b       0x16 Drivers/STM32F4xx_HAL_Driver/Src/stm32f4xx_hal.o
 .debug_macro   0x0001b651       0x97 Drivers/STM32F4xx_HAL_Driver/Src/stm32f4xx_hal.o
 .debug_macro   0x0001b6e8      0x330 Drivers/STM32F4xx_HAL_Driver/Src/stm32f4xx_hal.o
 .debug_macro   0x0001ba18       0xfd Drivers/STM32F4xx_HAL_Driver/Src/stm32f4xx_hal.o
 .debug_macro   0x0001bb15       0x10 Drivers/STM32F4xx_HAL_Driver/Src/stm32f4xx_hal.o
 .debug_macro   0x0001bb25       0x58 Drivers/STM32F4xx_HAL_Driver/Src/stm32f4xx_hal.o
 .debug_macro   0x0001bb7d       0x1f Drivers/STM32F4xx_HAL_Driver/Src/stm32f4xx_hal.o
 .debug_macro   0x0001bb9c       0x43 Drivers/STM32F4xx_HAL_Driver/Src/stm32f4xx_hal.o
 .debug_macro   0x0001bbdf       0x20 Drivers/STM32F4xx_HAL_Driver/Src/stm32f4xx_hal.o
 .debug_macro   0x0001bbff      0x18e Drivers/STM32F4xx_HAL_Driver/Src/stm32f4xx_hal.o
 .debug_macro   0x0001bd8d       0x10 Drivers/STM32F4xx_HAL_Driver/Src/stm32f4xx_hal.o
 .debug_macro   0x0001bd9d       0x1c Drivers/STM32F4xx_HAL_Driver/Src/stm32f4xx_hal.o
 .debug_macro   0x0001bdb9       0x52 Drivers/STM32F4xx_HAL_Driver/Src/stm32f4xx_hal.o
 .debug_macro   0x0001be0b       0x40 Drivers/STM32F4xx_HAL_Driver/Src/stm32f4xx_hal.o
 .debug_macro   0x0001be4b       0x10 Drivers/STM32F4xx_HAL_Driver/Src/stm32f4xx_hal.o
 .debug_macro   0x0001be5b       0x40 Drivers/STM32F4xx_HAL_Driver/Src/stm32f4xx_hal.o
 .debug_macro   0x0001be9b       0xd7 Drivers/STM32F4xx_HAL_Driver/Src/stm32f4xx_hal.o
 .debug_macro   0x0001bf72       0x1c Drivers/STM32F4xx_HAL_Driver/Src/stm32f4xx_hal.o
 .debug_macro   0x0001bf8e       0x3d Drivers/STM32F4xx_HAL_Driver/Src/stm32f4xx_hal.o
 .debug_macro   0x0001bfcb       0x16 Drivers/STM32F4xx_HAL_Driver/Src/stm32f4xx_hal.o
 .debug_macro   0x0001bfe1      0x16f Drivers/STM32F4xx_HAL_Driver/Src/stm32f4xx_hal.o
 .debug_macro   0x0001c150       0x50 Drivers/STM32F4xx_HAL_Driver/Src/stm32f4xx_hal.o
 .debug_macro   0x0001c1a0      0x96b Drivers/STM32F4xx_HAL_Driver/Src/stm32f4xx_hal.o
 .debug_macro   0x0001cb0b      0xa02 Drivers/STM32F4xx_HAL_Driver/Src/stm32f4xx_hal.o
 .debug_macro   0x0001d50d      0x11e Drivers/STM32F4xx_HAL_Driver/Src/stm32f4xx_hal.o
 .debug_macro   0x0001d62b      0x13e Drivers/STM32F4xx_HAL_Driver/Src/stm32f4xx_hal.o
 .debug_macro   0x0001d769       0x27 Drivers/STM32F4xx_HAL_Driver/Src/stm32f4xx_hal.o
 .debug_macro   0x0001d790      0x287 Drivers/STM32F4xx_HAL_Driver/Src/stm32f4xx_hal.o
 .debug_macro   0x0001da17       0x5f Drivers/STM32F4xx_HAL_Driver/Src/stm32f4xx_hal.o
 .debug_macro   0x0001da76      0x23a Drivers/STM32F4xx_HAL_Driver/Src/stm32f4xx_hal.o
 .debug_macro   0x0001dcb0      0x133 Drivers/STM32F4xx_HAL_Driver/Src/stm32f4xx_hal.o
 .debug_macro   0x0001dde3      0x21e Drivers/STM32F4xx_HAL_Driver/Src/stm32f4xx_hal.o
 .debug_macro   0x0001e001       0x2e Drivers/STM32F4xx_HAL_Driver/Src/stm32f4xx_hal.o
 .debug_macro   0x0001e02f      0x11e Drivers/STM32F4xx_HAL_Driver/Src/stm32f4xx_hal.o
 .debug_macro   0x0001e14d       0x7f Drivers/STM32F4xx_HAL_Driver/Src/stm32f4xx_hal.o
 .debug_macro   0x0001e1cc       0x89 Drivers/STM32F4xx_HAL_Driver/Src/stm32f4xx_hal.o
 .debug_macro   0x0001e255      0x287 Drivers/STM32F4xx_HAL_Driver/Src/stm32f4xx_hal.o
 .debug_macro   0x0001e4dc      0x134 Drivers/STM32F4xx_HAL_Driver/Src/stm32f4xx_hal.o
 .debug_macro   0x0001e610      0x30d Drivers/STM32F4xx_HAL_Driver/Src/stm32f4xx_hal_cortex.o
 .debug_macro   0x0001e91d      0x314 Drivers/STM32F4xx_HAL_Driver/Src/stm32f4xx_hal_dma.o
 .debug_macro   0x0001ec31      0x345 Drivers/STM32F4xx_HAL_Driver/Src/stm32f4xx_hal_gpio.o
 .debug_macro   0x0001ef76      0x331 Drivers/STM32F4xx_HAL_Driver/Src/stm32f4xx_hal_rcc.o
 .debug_macro   0x0001f2a7      0x30e Drivers/STM32F4xx_HAL_Driver/Src/stm32f4xx_hal_uart.o
 .debug_macro   0x0001f5b5      0x311 Src/main.o
 .debug_macro   0x0001f8c6      0x30d Src/stm32f4xx_hal_msp.o
 .debug_macro   0x0001fbd3      0x317 Src/stm32f4xx_it.o
 .debug_macro   0x0001feea      0x313 Src/system_stm32f4xx.o

.debug_line     0x00000000     0x5f1c
 .debug_line    0x00000000      0x925 Drivers/STM32F4xx_HAL_Driver/Src/stm32f4xx_hal.o
 .debug_line    0x00000925      0x980 Drivers/STM32F4xx_HAL_Driver/Src/stm32f4xx_hal_cortex.o
 .debug_line    0x000012a5      0xa6b Drivers/STM32F4xx_HAL_Driver/Src/stm32f4xx_hal_dma.o
 .debug_line    0x00001d10      0x8c8 Drivers/STM32F4xx_HAL_Driver/Src/stm32f4xx_hal_gpio.o
 .debug_line    0x000025d8      0x9bc Drivers/STM32F4xx_HAL_Driver/Src/stm32f4xx_hal_rcc.o
 .debug_line    0x00002f94     0x1050 Drivers/STM32F4xx_HAL_Driver/Src/stm32f4xx_hal_uart.o
 .debug_line    0x00003fe4      0x7e4 Src/main.o
 .debug_line    0x000047c8      0x77a Src/stm32f4xx_hal_msp.o
 .debug_line    0x00004f42      0x7ef Src/stm32f4xx_it.o
 .debug_line    0x00005731      0x76c Src/system_stm32f4xx.o
 .debug_line    0x00005e9d       0x7f startup/startup_stm32f407xx.o

.debug_str      0x00000000    0xbcaab
 .debug_str     0x00000000    0xbb2b9 Drivers/STM32F4xx_HAL_Driver/Src/stm32f4xx_hal.o
                              0xbb681 (size before relaxing)
 .debug_str     0x000bb2b9      0x3ae Drivers/STM32F4xx_HAL_Driver/Src/stm32f4xx_hal_cortex.o
                              0xbb3c3 (size before relaxing)
 .debug_str     0x000bb667      0x53e Drivers/STM32F4xx_HAL_Driver/Src/stm32f4xx_hal_dma.o
                              0xbaf38 (size before relaxing)
 .debug_str     0x000bbba5      0x292 Drivers/STM32F4xx_HAL_Driver/Src/stm32f4xx_hal_gpio.o
                              0xbad56 (size before relaxing)
 .debug_str     0x000bbe37      0x384 Drivers/STM32F4xx_HAL_Driver/Src/stm32f4xx_hal_rcc.o
                              0xbaf20 (size before relaxing)
 .debug_str     0x000bc1bb      0x6e2 Drivers/STM32F4xx_HAL_Driver/Src/stm32f4xx_hal_uart.o
                              0xbb39b (size before relaxing)
 .debug_str     0x000bc89d       0x8f Src/main.o
                              0xbb6d5 (size before relaxing)
 .debug_str     0x000bc92c       0x1b Src/stm32f4xx_hal_msp.o
                              0xbb473 (size before relaxing)
 .debug_str     0x000bc947       0xdb Src/stm32f4xx_it.o
                              0xbae84 (size before relaxing)
 .debug_str     0x000bca22       0x5a Src/system_stm32f4xx.o
                              0xbab12 (size before relaxing)
 .debug_str     0x000bca7c       0x2f startup/startup_stm32f407xx.o
                                 0x4d (size before relaxing)

.comment        0x00000000       0x7f
 .comment       0x00000000       0x7f Drivers/STM32F4xx_HAL_Driver/Src/stm32f4xx_hal.o
                                 0x80 (size before relaxing)
 .comment       0x0000007f       0x80 Drivers/STM32F4xx_HAL_Driver/Src/stm32f4xx_hal_cortex.o
 .comment       0x0000007f       0x80 Drivers/STM32F4xx_HAL_Driver/Src/stm32f4xx_hal_dma.o
 .comment       0x0000007f       0x80 Drivers/STM32F4xx_HAL_Driver/Src/stm32f4xx_hal_gpio.o
 .comment       0x0000007f       0x80 Drivers/STM32F4xx_HAL_Driver/Src/stm32f4xx_hal_rcc.o
 .comment       0x0000007f       0x80 Drivers/STM32F4xx_HAL_Driver/Src/stm32f4xx_hal_uart.o
 .comment       0x0000007f       0x80 Src/main.o
 .comment       0x0000007f       0x80 Src/stm32f4xx_hal_msp.o
 .comment       0x0000007f       0x80 Src/stm32f4xx_it.o
 .comment       0x0000007f       0x80 Src/system_stm32f4xx.o

.debug_frame    0x00000000      0xea8
 .debug_frame   0x00000000      0x1cc Drivers/STM32F4xx_HAL_Driver/Src/stm32f4xx_hal.o
 .debug_frame   0x000001cc      0x15c Drivers/STM32F4xx_HAL_Driver/Src/stm32f4xx_hal_cortex.o
 .debug_frame   0x00000328      0x188 Drivers/STM32F4xx_HAL_Driver/Src/stm32f4xx_hal_dma.o
 .debug_frame   0x000004b0       0xd8 Drivers/STM32F4xx_HAL_Driver/Src/stm32f4xx_hal_gpio.o
 .debug_frame   0x00000588      0x184 Drivers/STM32F4xx_HAL_Driver/Src/stm32f4xx_hal_rcc.o
 .debug_frame   0x0000070c      0x4f0 Drivers/STM32F4xx_HAL_Driver/Src/stm32f4xx_hal_uart.o
 .debug_frame   0x00000bfc       0xb0 Src/main.o
 .debug_frame   0x00000cac       0x68 Src/stm32f4xx_hal_msp.o
 .debug_frame   0x00000d14       0xd8 Src/stm32f4xx_it.o
 .debug_frame   0x00000dec       0x30 Src/system_stm32f4xx.o
 .debug_frame   0x00000e1c       0x2c c:/stm32/systemworkbench/plugins/fr.ac6.mcu.externaltools.arm-none.win32_1.17.0.201812190825/tools/compiler/bin/../lib/gcc/arm-none-eabi/7.3.1/thumb/v7e-m/fpv4-sp/hard\libgcc.a(_aeabi_uldivmod.o)
 .debug_frame   0x00000e48       0x34 c:/stm32/systemworkbench/plugins/fr.ac6.mcu.externaltools.arm-none.win32_1.17.0.201812190825/tools/compiler/bin/../lib/gcc/arm-none-eabi/7.3.1/thumb/v7e-m/fpv4-sp/hard\libgcc.a(_udivmoddi4.o)
 .debug_frame   0x00000e7c       0x2c c:/stm32/systemworkbench/plugins/fr.ac6.mcu.externaltools.arm-none.win32_1.17.0.201812190825/tools/compiler/bin/../lib/gcc/arm-none-eabi/7.3.1/../../../../arm-none-eabi/lib/thumb/v7e-m/fpv4-sp/hard\libc_nano.a(lib_a-init.o)
